
> client@0.0.0 build
> vite build

[36mvite v8.0.0 [32mbuilding client environment for production...[36m[39m
[2K
transforming...Γ£ô 505 modules transformed.
rendering chunks...
computing gzip size...
dist/index.html                   1.03 kB Γöé gzip:   0.51 kB
dist/assets/index-BWGzDzjG.css   33.96 kB Γöé gzip:   6.57 kB
dist/assets/index-9jGVzoTw.js   487.48 kB Γöé gzip: 157.05 kB

[32mΓ£ô built in 737ms[39m
